  Base.cpp
  Camera.cpp
  DDSTextureLoader12.cpp
  Component.cpp
  Cube.cpp
  Camera_FPV.cpp
  GameInstance.cpp
C:\Users\장윤서\source\repos\2025_CapstoneGame\Solution\HelloDinner\HelloDinner\GameInstance.cpp(70,11): error C2248: 'CCamera::CAMERA_DESC': protected struct('CCamera' 클래스에서 선언)에 액세스할 수 없습니다.
      C:\Users\장윤서\source\repos\2025_CapstoneGame\Solution\HelloDinner\HelloDinner\Camera.h(8,9):
      'CCamera::CAMERA_DESC' 선언을 참조하십시오.
      C:\Users\장윤서\source\repos\2025_CapstoneGame\Solution\HelloDinner\HelloDinner\Camera.h(5,7):
      'CCamera' 선언을 참조하십시오.
  
  GameObject.cpp
  Graphic_Device.cpp
  HelloDinner.cpp
  Input_Device.cpp
  Layer.cpp
  Level.cpp
  Level_Loading.cpp
  Level_Manager.cpp
  Load_Manager.cpp
  MainApp.cpp
  Mesh.cpp
  Model.cpp
  Object_Manager.cpp
  코드를 생성하고 있습니다...
  컴파일하고 있습니다...
  Prototype_Manager.cpp
  Renderer.cpp
  Shader_Manager.cpp
  Skybox.cpp
  Texture.cpp
C:\Users\장윤서\source\repos\2025_CapstoneGame\Solution\HelloDinner\HelloDinner\Texture.cpp(158,20): warning C4244: '=': 'UINT64'에서 '_uint'(으)로 변환하면서 데이터가 손실될 수 있습니다.
  Timer.cpp
  Timer_Manager.cpp
  Transform.cpp
  VIBuffer.cpp
  VIBuffer_Cube.cpp
C:\Users\장윤서\source\repos\2025_CapstoneGame\Solution\HelloDinner\HelloDinner\VIBuffer_Cube.cpp(42,32): warning C4267: '=': 'size_t'에서 '_uint'(으)로 변환하면서 데이터가 손실될 수 있습니다.
C:\Users\장윤서\source\repos\2025_CapstoneGame\Solution\HelloDinner\HelloDinner\VIBuffer_Cube.cpp(75,30): warning C4267: '=': 'size_t'에서 '_uint'(으)로 변환하면서 데이터가 손실될 수 있습니다.
  VIBuffer_Skybox.cpp
C:\Users\장윤서\source\repos\2025_CapstoneGame\Solution\HelloDinner\HelloDinner\VIBuffer_Skybox.cpp(42,32): warning C4267: '=': 'size_t'에서 '_uint'(으)로 변환하면서 데이터가 손실될 수 있습니다.
C:\Users\장윤서\source\repos\2025_CapstoneGame\Solution\HelloDinner\HelloDinner\VIBuffer_Skybox.cpp(75,30): warning C4267: '=': 'size_t'에서 '_uint'(으)로 변환하면서 데이터가 손실될 수 있습니다.
  코드를 생성하고 있습니다...
