C:\Program Files\Microsoft Visual Studio\2022\Community\MSBuild\Microsoft\VC\v170\Microsoft.CppBuild.targets(524,5): warning MSB8004: Output 디렉터리가 슬래시로 끝나지 않습니다. Output 디렉터리의 적절한 평가를 허용하는 데 필요하므로 이 빌드 인스턴스에서 슬래시를 추가합니다.
  CBinary_Converter.cpp
S:\CapstoneGame\Solution\HelloDinner\FBXConverter\CBinary_Converter.cpp(10,3): warning C4150: 불완전한 형식 'CBinSave_Mesh'에 대한 포인터를 삭제했습니다. 소멸자가 호출되지 않습니다.
      S:\CapstoneGame\Solution\HelloDinner\FBXConverter\CBinary_Converter.h(54,9):
      'CBinSave_Mesh' 선언을 참조하십시오.
  
S:\CapstoneGame\Solution\HelloDinner\FBXConverter\CBinary_Converter.cpp(302,17): warning C4267: '초기화 중': 'size_t'에서 '_uint'(으)로 변환하면서 데이터가 손실될 수 있습니다.
S:\CapstoneGame\Solution\HelloDinner\FBXConverter\CBinary_Converter.cpp(517,62): warning C4267: '=': 'size_t'에서 'uint32_t'(으)로 변환하면서 데이터가 손실될 수 있습니다.
S:\CapstoneGame\Solution\HelloDinner\FBXConverter\CBinary_Converter.cpp(522,62): warning C4267: '=': 'size_t'에서 'uint32_t'(으)로 변환하면서 데이터가 손실될 수 있습니다.
S:\CapstoneGame\Solution\HelloDinner\FBXConverter\CBinary_Converter.cpp(527,62): warning C4267: '=': 'size_t'에서 'uint32_t'(으)로 변환하면서 데이터가 손실될 수 있습니다.
S:\CapstoneGame\Solution\HelloDinner\FBXConverter\CBinary_Converter.cpp(532,62): warning C4267: '=': 'size_t'에서 'uint32_t'(으)로 변환하면서 데이터가 손실될 수 있습니다.
S:\CapstoneGame\Solution\HelloDinner\FBXConverter\CBinary_Converter.cpp(625,31): warning C4244: '=': 'const double'에서 '_float'(으)로 변환하면서 데이터가 손실될 수 있습니다.
S:\CapstoneGame\Solution\HelloDinner\FBXConverter\CBinary_Converter.cpp(626,37): warning C4244: '=': 'const double'에서 '_float'(으)로 변환하면서 데이터가 손실될 수 있습니다.
S:\CapstoneGame\Solution\HelloDinner\FBXConverter\CBinary_Converter.cpp(669,60): warning C4244: '=': 'double'에서 'float'(으)로 변환하면서 데이터가 손실될 수 있습니다.
S:\CapstoneGame\Solution\HelloDinner\FBXConverter\CBinary_Converter.cpp(678,61): warning C4244: '=': 'double'에서 'float'(으)로 변환하면서 데이터가 손실될 수 있습니다.
S:\CapstoneGame\Solution\HelloDinner\FBXConverter\CBinary_Converter.cpp(684,61): warning C4244: '=': 'double'에서 'float'(으)로 변환하면서 데이터가 손실될 수 있습니다.
S:\CapstoneGame\Solution\HelloDinner\FBXConverter\CBinary_Converter.cpp(716,47): warning C4267: '=': 'size_t'에서 '_int'(으)로 변환하면서 데이터가 손실될 수 있습니다.
S:\CapstoneGame\Solution\HelloDinner\FBXConverter\CBinary_Converter.cpp(781,53): warning C4267: '인수': 'size_t'에서 'int'(으)로 변환하면서 데이터가 손실될 수 있습니다.
S:\CapstoneGame\Solution\HelloDinner\FBXConverter\CBinary_Converter.cpp(882,10): warning C4267: '인수': 'size_t'에서 'unsigned int'(으)로 변환하면서 데이터가 손실될 수 있습니다.
S:\CapstoneGame\Solution\HelloDinner\FBXConverter\CBinary_Converter.cpp(903,55): warning C4267: '인수': 'size_t'에서 'int'(으)로 변환하면서 데이터가 손실될 수 있습니다.
C:\Program Files\Microsoft Visual Studio\2022\Community\VC\Tools\MSVC\14.44.35207\include\xutility(4813,18): warning C4244: '=': 'wchar_t'에서 'char'(으)로 변환하면서 데이터가 손실될 수 있습니다.
  (소스 파일 'CBinary_Converter.cpp'을(를) 컴파일하는 중)
      C:\Program Files\Microsoft Visual Studio\2022\Community\VC\Tools\MSVC\14.44.35207\include\xutility(4813,18):
      템플릿 인스턴스화 컨텍스트(가장 오래된 인스턴스화 컨텍스트)가
          S:\CapstoneGame\Solution\HelloDinner\FBXConverter\CBinary_Converter.h(42,21):
          컴파일되는 함수 템플릿 인스턴스화 'std::basic_string<char,std::char_traits<char>,std::allocator<char>>::basic_string<std::_String_iterator<std::_String_val<std::_Simple_types<_Elem>>>,0>(_Iter,_Iter,const _Alloc &)'에 대한 참조를 확인하세요.
          with
          [
              _Elem=wchar_t,
              _Iter=std::_String_iterator<std::_String_val<std::_Simple_types<wchar_t>>>,
              _Alloc=std::allocator<char>
          ]
              S:\CapstoneGame\Solution\HelloDinner\FBXConverter\CBinary_Converter.h(42,21):
              'CBinary_Converter::ConvertToString'에서 'std::basic_string<char,std::char_traits<char>,std::allocator<char>>::basic_string'에 대한 첫 번째 참조를 확인하세요.
          C:\Program Files\Microsoft Visual Studio\2022\Community\VC\Tools\MSVC\14.44.35207\include\xstring(812,17):
          컴파일되는 함수 템플릿 인스턴스화 'void std::basic_string<char,std::char_traits<char>,std::allocator<char>>::_Construct_from_iter<wchar_t*,wchar_t*,_Size_type>(_Iter,const _Sent,_Size)'에 대한 참조를 확인하세요.
          with
          [
              _Size_type=unsigned __int64,
              _Iter=wchar_t *,
              _Sent=wchar_t *,
              _Size=unsigned __int64
          ]
          C:\Program Files\Microsoft Visual Studio\2022\Community\VC\Tools\MSVC\14.44.35207\include\xstring(968,18):
          컴파일되는 함수 템플릿 인스턴스화 '_OutIt *std::_Copy_n_unchecked4<wchar_t*,_Size,char*>(_InIt,_SizeTy,_OutIt)'에 대한 참조를 확인하세요.
          with
          [
              _OutIt=char *,
              _Size=unsigned __int64,
              _InIt=wchar_t *,
              _SizeTy=unsigned __int64
          ]
  
  FBXConverter.vcxproj -> S:\CapstoneGame\Solution\HelloDinner\FBXConverter\x64\Debug\FBXConverter.exe
