  Base.cpp
  Camera.cpp
  Component.cpp
  GameInstance.cpp
  GameObject.cpp
  Graphic_Device.cpp
  HelloDinner.cpp
  Input_Device.cpp
  MainApp.cpp
  Mesh.cpp
  Prototype_Manager.cpp
  Renderer.cpp
  Shader.cpp
  Texture.cpp
  Timer.cpp
  Transform.cpp
  코드를 생성하고 있습니다.
  0 of 421 functions ( 0.0%) were compiled, the rest were copied from previous compilation.
    0 functions were new in current compilation
    0 functions had inline decision re-evaluated but remain unchanged
  코드를 생성했습니다.
  HelloDinner.vcxproj -> C:\Users\USER-PC\Desktop\LetsGoGym\2025_CapstoneGame\Solution\HelloDinner\x64\Release\HelloDinner.exe
